exports[`movies discover saga should dispatch the discoverFailure if request was failed 1`] = `
Object {
  "@@redux-saga/IO": true,
  "CALL": Object {
    "args": Array [
      "discover.getMovies",
      EntitySchema {
        "_getId": [Function],
        "_idAttribute": "id",
        "_key": "movie",
        "_mergeStrategy": [Function],
        "_processStrategy": [Function],
        "schema": Object {},
      },
      Object {},
    ],
    "context": null,
    "fn": [Function],
  },
}
`;

exports[`movies discover saga should dispatch the discoverSuccess if request was succeeded 1`] = `
Object {
  "@@redux-saga/IO": true,
  "CALL": Object {
    "args": Array [
      "discover.getMovies",
      EntitySchema {
        "_getId": [Function],
        "_idAttribute": "id",
        "_key": "movie",
        "_mergeStrategy": [Function],
        "_processStrategy": [Function],
        "schema": Object {},
      },
      Object {},
    ],
    "context": null,
    "fn": [Function],
  },
}
`;
